2021-01-17 21:07:58,513 : DEBUG : Start of the program
2021-01-17 21:07:58,513 : INFO : Doing something
2021-01-17 21:07:58,513 : WARNING : Dying now
